// Jest Snapshot v1, https://goo.gl/fbAQLP

exports[`<CardStats /> renders correctly 1`] = `
<View
  style={
    Object {
      "alignItems": "center",
      "backgroundColor": "#192a56",
      "borderColor": "#ffffff",
      "borderRadius": 6,
      "borderWidth": 1,
      "display": "flex",
      "flexDirection": "column",
      "height": "auto",
      "justifyContent": "flex-start",
      "marginTop": 10,
      "padding": 10,
      "width": "100%",
    }
  }
>
  <View
    style={
      Object {
        "alignItems": "center",
        "display": "flex",
        "height": 50,
        "justifyContent": "center",
        "width": "100%",
      }
    }
  >
    <View
      style={
        Array [
          Object {
            "alignItems": "center",
            "display": "flex",
            "justifyContent": "center",
            "width": "100%",
          },
          "",
        ]
      }
    >
      <Text
        style={
          Array [
            Object {
              "color": "#44bd32",
              "fontFamily": "montserrat",
              "fontSize": 18,
              "fontWeight": "600",
            },
            "",
          ]
        }
      >
        0
      </Text>
    </View>
  </View>
  <View
    style={
      Object {
        "alignItems": "center",
        "borderTopColor": "#f1f2f6",
        "borderTopWidth": 1,
        "display": "flex",
        "flexDirection": "row",
        "height": 55,
        "justifyContent": "space-evenly",
        "width": "100%",
      }
    }
  >
    <View
      style={
        Object {
          "alignItems": "center",
          "display": "flex",
          "flexDirection": "column",
          "justifyContent": "center",
          "width": "50%",
        }
      }
    >
      <View
        style={
          Array [
            Object {
              "alignItems": "center",
              "display": "flex",
              "justifyContent": "center",
              "width": "100%",
            },
            "",
          ]
        }
      >
        <Text
          style={
            Array [
              Object {
                "color": "#eccc68",
                "fontFamily": "montserrat",
                "fontSize": 12,
                "fontWeight": "600",
                "textTransform": "uppercase",
              },
              "",
            ]
          }
        >
          Open
        </Text>
      </View>
      <View
        style={
          Array [
            Object {
              "alignItems": "center",
              "display": "flex",
              "justifyContent": "center",
              "width": "100%",
            },
            "",
          ]
        }
      >
        <Text
          style={
            Array [
              Object {
                "color": "#f1f2f6",
                "fontFamily": "montserrat",
                "fontSize": 12,
                "fontWeight": "600",
                "marginTop": 5,
              },
              "",
            ]
          }
        >
          0
        </Text>
      </View>
    </View>
    <View
      style={
        Array [
          Object {
            "alignItems": "center",
            "display": "flex",
            "flexDirection": "column",
            "justifyContent": "center",
            "width": "50%",
          },
          Object {
            "borderLeftColor": "#f1f2f6",
            "borderLeftWidth": 1,
          },
        ]
      }
    >
      <View
        style={
          Array [
            Object {
              "alignItems": "center",
              "display": "flex",
              "justifyContent": "center",
              "width": "100%",
            },
            "",
          ]
        }
      >
        <Text
          style={
            Array [
              Object {
                "color": "#eccc68",
                "fontFamily": "montserrat",
                "fontSize": 12,
                "fontWeight": "600",
                "textTransform": "uppercase",
              },
              "",
            ]
          }
        >
          last
        </Text>
      </View>
      <View
        style={
          Array [
            Object {
              "alignItems": "center",
              "display": "flex",
              "justifyContent": "center",
              "width": "100%",
            },
            "",
          ]
        }
      >
        <Text
          style={
            Array [
              Object {
                "color": "#f1f2f6",
                "fontFamily": "montserrat",
                "fontSize": 12,
                "fontWeight": "600",
                "marginTop": 5,
              },
              "",
            ]
          }
        >
          0
        </Text>
      </View>
    </View>
  </View>
  <View
    style={
      Object {
        "alignItems": "center",
        "borderTopColor": "#f1f2f6",
        "borderTopWidth": 1,
        "display": "flex",
        "flexDirection": "row",
        "height": 55,
        "justifyContent": "space-evenly",
        "width": "100%",
      }
    }
  >
    <View
      style={
        Object {
          "alignItems": "center",
          "display": "flex",
          "flexDirection": "column",
          "justifyContent": "center",
          "width": "50%",
        }
      }
    >
      <View
        style={
          Array [
            Object {
              "alignItems": "center",
              "display": "flex",
              "justifyContent": "center",
              "width": "100%",
            },
            "",
          ]
        }
      >
        <Text
          style={
            Array [
              Object {
                "color": "#eccc68",
                "fontFamily": "montserrat",
                "fontSize": 12,
                "fontWeight": "600",
                "textTransform": "uppercase",
              },
              "",
            ]
          }
        >
          High
        </Text>
      </View>
      <View
        style={
          Array [
            Object {
              "alignItems": "center",
              "display": "flex",
              "justifyContent": "center",
              "width": "100%",
            },
            "",
          ]
        }
      >
        <Text
          style={
            Array [
              Object {
                "color": "#f1f2f6",
                "fontFamily": "montserrat",
                "fontSize": 12,
                "fontWeight": "600",
                "marginTop": 5,
              },
              "",
            ]
          }
        >
          
        </Text>
      </View>
    </View>
    <View
      style={
        Array [
          Object {
            "alignItems": "center",
            "display": "flex",
            "flexDirection": "column",
            "justifyContent": "center",
            "width": "50%",
          },
          Object {
            "borderLeftColor": "#f1f2f6",
            "borderLeftWidth": 1,
          },
        ]
      }
    >
      <View
        style={
          Array [
            Object {
              "alignItems": "center",
              "display": "flex",
              "justifyContent": "center",
              "width": "100%",
            },
            "",
          ]
        }
      >
        <Text
          style={
            Array [
              Object {
                "color": "#eccc68",
                "fontFamily": "montserrat",
                "fontSize": 12,
                "fontWeight": "600",
                "textTransform": "uppercase",
              },
              "",
            ]
          }
        >
          Low
        </Text>
      </View>
      <View
        style={
          Array [
            Object {
              "alignItems": "center",
              "display": "flex",
              "justifyContent": "center",
              "width": "100%",
            },
            "",
          ]
        }
      >
        <Text
          style={
            Array [
              Object {
                "color": "#f1f2f6",
                "fontFamily": "montserrat",
                "fontSize": 12,
                "fontWeight": "600",
                "marginTop": 5,
              },
              "",
            ]
          }
        >
          0
        </Text>
      </View>
    </View>
  </View>
  <View
    style={
      Object {
        "alignItems": "center",
        "borderTopColor": "#f1f2f6",
        "borderTopWidth": 1,
        "display": "flex",
        "flexDirection": "row",
        "height": 55,
        "justifyContent": "space-evenly",
        "width": "100%",
      }
    }
  >
    <View
      style={
        Object {
          "alignItems": "center",
          "display": "flex",
          "flexDirection": "column",
          "justifyContent": "center",
          "width": "50%",
        }
      }
    >
      <View
        style={
          Array [
            Object {
              "alignItems": "center",
              "display": "flex",
              "justifyContent": "center",
              "width": "100%",
            },
            "",
          ]
        }
      >
        <Text
          style={
            Array [
              Object {
                "color": "#eccc68",
                "fontFamily": "montserrat",
                "fontSize": 12,
                "fontWeight": "600",
                "textTransform": "uppercase",
              },
              "",
            ]
          }
        >
          Volume
        </Text>
      </View>
      <View
        style={
          Array [
            Object {
              "alignItems": "center",
              "display": "flex",
              "justifyContent": "center",
              "width": "100%",
            },
            "",
          ]
        }
      >
        <Text
          style={
            Array [
              Object {
                "color": "#f1f2f6",
                "fontFamily": "montserrat",
                "fontSize": 12,
                "fontWeight": "600",
                "marginTop": 5,
              },
              "",
            ]
          }
        >
          0
        </Text>
      </View>
    </View>
    <View
      style={
        Array [
          Object {
            "alignItems": "center",
            "display": "flex",
            "flexDirection": "column",
            "justifyContent": "center",
            "width": "50%",
          },
          Object {
            "borderLeftColor": "#f1f2f6",
            "borderLeftWidth": 1,
          },
        ]
      }
    >
      <View
        style={
          Array [
            Object {
              "alignItems": "center",
              "display": "flex",
              "justifyContent": "center",
              "width": "100%",
            },
            "",
          ]
        }
      >
        <Text
          style={
            Array [
              Object {
                "color": "#eccc68",
                "fontFamily": "montserrat",
                "fontSize": 12,
                "fontWeight": "600",
                "textTransform": "uppercase",
              },
              "",
            ]
          }
        >
          Volumen 30 day
        </Text>
      </View>
      <View
        style={
          Array [
            Object {
              "alignItems": "center",
              "display": "flex",
              "justifyContent": "center",
              "width": "100%",
            },
            "",
          ]
        }
      >
        <Text
          style={
            Array [
              Object {
                "color": "#f1f2f6",
                "fontFamily": "montserrat",
                "fontSize": 12,
                "fontWeight": "600",
                "marginTop": 5,
              },
              "",
            ]
          }
        >
          0
        </Text>
      </View>
    </View>
  </View>
</View>
`;
